../Core/Src/Neraiv_MyActuatorLib.c:10:6:clearBuffers	16	static
../Core/Src/Neraiv_MyActuatorLib.c:15:6:getMotorParameters	16	static
../Core/Src/Neraiv_MyActuatorLib.c:22:8:sendAndRecieveData	24	static
../Core/Src/Neraiv_MyActuatorLib.c:39:6:myErrorHandler	4	static
../Core/Src/Neraiv_MyActuatorLib.c:43:8:myInitCanbus	16	static
../Core/Src/Neraiv_MyActuatorLib.c:67:8:myCreateActuator	24	static
../Core/Src/Neraiv_MyActuatorLib.c:74:6:myReadPID	16	static
../Core/Src/Neraiv_MyActuatorLib.c:95:6:myReadAccelPID	16	static
../Core/Src/Neraiv_MyActuatorLib.c:110:6:myReadEncoder	16	static
../Core/Src/Neraiv_MyActuatorLib.c:127:6:myReadSingleTurnAngle	16	static
../Core/Src/Neraiv_MyActuatorLib.c:141:6:myReadMultiTurnAngle	40	static
../Core/Src/Neraiv_MyActuatorLib.c:157:6:myReadMotorStatus	16	static
../Core/Src/Neraiv_MyActuatorLib.c:202:6:myWritePID	16	static
../Core/Src/Neraiv_MyActuatorLib.c:221:6:myWriteAccelToRAM	16	static
../Core/Src/Neraiv_MyActuatorLib.c:240:6:myWriteEncoderOffset	16	static
../Core/Src/Neraiv_MyActuatorLib.c:256:6:myWriteEncoderZeroAsCurrent	16	static
../Core/Src/Neraiv_MyActuatorLib.c:272:6:myControlMultiTurn	24	static
../Core/Src/Neraiv_MyActuatorLib.c:297:6:myControlSingleTurn	24	static
../Core/Src/Neraiv_MyActuatorLib.c:321:6:myControlTorque	16	static
../Core/Src/Neraiv_MyActuatorLib.c:339:6:myControlSpeed	16	static
../Core/Src/Neraiv_MyActuatorLib.c:359:6:myControlStop	16	static
../Core/Src/Neraiv_MyActuatorLib.c:372:6:myControlOff	16	static
../Core/Src/Neraiv_MyActuatorLib.c:385:6:myClearErrorFlags	16	static
../Core/Src/Neraiv_MyActuatorLib.c:398:6:myControlRunning	16	static
