../Core/Src/Neraiv_MyActuatorLib.c:10:6:clearBuffers	16	static
../Core/Src/Neraiv_MyActuatorLib.c:15:6:getMotorParameters	16	static
../Core/Src/Neraiv_MyActuatorLib.c:22:8:myInitCanbus	16	static
../Core/Src/Neraiv_MyActuatorLib.c:46:8:myCreateActuator	24	static
../Core/Src/Neraiv_MyActuatorLib.c:53:6:myReadPID	24	static
../Core/Src/Neraiv_MyActuatorLib.c:81:6:myReadAccelPID	24	static
../Core/Src/Neraiv_MyActuatorLib.c:104:6:myReadEncoder	24	static
../Core/Src/Neraiv_MyActuatorLib.c:129:6:myReadSingleTurnAngle	24	static
../Core/Src/Neraiv_MyActuatorLib.c:153:6:myReadMultiTurnAngle	48	static
../Core/Src/Neraiv_MyActuatorLib.c:177:6:myReadMotorStatus	24	static
../Core/Src/Neraiv_MyActuatorLib.c:248:6:myWritePID	24	static
../Core/Src/Neraiv_MyActuatorLib.c:274:6:myWriteAccelToRAM	24	static
../Core/Src/Neraiv_MyActuatorLib.c:299:6:myWriteEncoderOffset	24	static
../Core/Src/Neraiv_MyActuatorLib.c:322:6:myWriteEncoderZeroAsCurrent	24	static
../Core/Src/Neraiv_MyActuatorLib.c:345:6:myControlMultiTurn	32	static
../Core/Src/Neraiv_MyActuatorLib.c:377:6:myControlSingleTurn	32	static
../Core/Src/Neraiv_MyActuatorLib.c:409:6:myControlTorque	24	static
../Core/Src/Neraiv_MyActuatorLib.c:435:6:myControlSpeed	24	static
../Core/Src/Neraiv_MyActuatorLib.c:463:6:myControlStop	24	static
../Core/Src/Neraiv_MyActuatorLib.c:484:6:myControlOff	24	static
../Core/Src/Neraiv_MyActuatorLib.c:505:6:myClearErrorFlags	24	static
../Core/Src/Neraiv_MyActuatorLib.c:525:6:myControlRunning	24	static
